00:00 +0: loading C:/Users/User/Desktop/iread_test/test/widget/teacher_security_test.dart
00:00 +0: Teacher Login should accept default PIN 1234

Warning: A call to tap() with finder "Found 1 widget with type "CustomButton": [
  CustomButton,
]" derived an Offset (Offset(400.0, 50637.0)) that would not hit test on the specified widget.
Maybe the widget is actually off-screen, or another widget is obscuring it, or the widget cannot receive pointer events.
Indeed, Offset(400.0, 50637.0) is outside the bounds of the root of the render tree, Size(800.0, 600.0).
The finder corresponds to this RenderBox: RenderErrorBox#89e9a
The hit test result at that offset is: HitTestResult(HitTestEntry<HitTestTarget>#e1531(_ReusableRenderView#70d25), HitTestEntry<HitTestTarget>#94f9a(<AutomatedTestWidgetsFlutterBinding>))
#0      WidgetController._getElementPoint (package:flutter_test/src/controller.dart:2081:25)
#1      WidgetController.getCenter (package:flutter_test/src/controller.dart:1865:12)
#2      WidgetController.tap (package:flutter_test/src/controller.dart:1045:7)
#3      main.<anonymous closure> (file:///C:/Users/User/Desktop/iread_test/test/widget/teacher_security_test.dart:20:18)
<asynchronous suspension>
#4      testWidgets.<anonymous closure>.<anonymous closure> (package:flutter_test/src/widget_tester.dart:192:15)
<asynchronous suspension>
#5      TestWidgetsFlutterBinding._runTestBody (package:flutter_test/src/binding.dart:1059:5)
<asynchronous suspension>
#6      StackZoneSpecification._registerCallback.<anonymous closure> (package:stack_trace/src/stack_zone_specification.dart:114:42)
<asynchronous suspension>
To silence this warning, pass "warnIfMissed: false" to "tap()".
To make this warning fatal, set WidgetController.hitTestWarningShouldBeFatal to true.

ΓòÉΓòÉΓòí EXCEPTION CAUGHT BY WIDGETS LIBRARY Γò₧ΓòÉΓòÉΓòÉΓòÉΓòÉΓòÉΓòÉΓòÉΓòÉΓòÉΓòÉΓòÉΓòÉΓòÉΓòÉΓòÉΓòÉΓòÉΓòÉΓòÉΓòÉΓòÉΓòÉΓòÉΓòÉΓòÉΓòÉΓòÉΓòÉΓòÉΓòÉΓòÉΓòÉΓòÉΓòÉΓòÉΓòÉΓòÉΓòÉΓòÉΓòÉΓòÉΓòÉΓòÉΓòÉΓòÉΓòÉΓòÉΓòÉΓòÉΓòÉΓòÉΓòÉΓòÉΓòÉΓòÉΓòÉΓòÉΓòÉ
The following LateError was thrown building CustomButton(dirty):
LateInitializationError: Field 'screenHeight' has not been initialized.

The relevant error-causing widget was:
  CustomButton
  CustomButton:file:///C:/Users/User/Desktop/iread_test/lib/presentation/screens/teacher_mode/teacher_login_screen.dart:211:33

When the exception was thrown, this was the stack:
#0      Responsive.screenHeight (package:iread/core/utils/responsive_utils.dart)
#1      Responsive.heightScale (package:iread/core/utils/responsive_utils.dart:33:36)
#2      Responsive.h (package:iread/core/utils/responsive_utils.dart:42:46)
#3      ResponsiveNum.h (package:iread/core/utils/responsive_utils.dart:62:30)
#4      CustomButton.build (package:iread/core/widgets/custom_button.dart:35:40)
#5      StatelessElement.build (package:flutter/src/widgets/framework.dart:5892:49)
#6      ComponentElement.performRebuild (package:flutter/src/widgets/framework.dart:5820:15)
#7      Element.rebuild (package:flutter/src/widgets/framework.dart:5532:7)
#8      ComponentElement._firstBuild (package:flutter/src/widgets/framework.dart:5802:5)
#9      ComponentElement.mount (package:flutter/src/widgets/framework.dart:5796:5)
#10     Element.inflateWidget (package:flutter/src/widgets/framework.dart:4590:20)
#11     MultiChildRenderObjectElement.inflateWidget (package:flutter/src/widgets/framework.dart:7269:36)
#12     MultiChildRenderObjectElement.mount (package:flutter/src/widgets/framework.dart:7285:32)
...     Normal element mounting (13 frames)
#25     Element.inflateWidget (package:flutter/src/widgets/framework.dart:4590:20)
#26     MultiChildRenderObjectElement.inflateWidget (package:flutter/src/widgets/framework.dart:7269:36)
#27     MultiChildRenderObjectElement.mount (package:flutter/src/widgets/framework.dart:7285:32)
...     Normal element mounting (105 frames)
#132    Element.inflateWidget (package:flutter/src/widgets/framework.dart:4590:20)
#133    MultiChildRenderObjectElement.inflateWidget (package:flutter/src/widgets/framework.dart:7269:36)
#134    MultiChildRenderObjectElement.mount (package:flutter/src/widgets/framework.dart:7285:32)
...     Normal element mounting (16 frames)
#150    Element.inflateWidget (package:flutter/src/widgets/framework.dart:4590:20)
#151    MultiChildRenderObjectElement.inflateWidget (package:flutter/src/widgets/framework.dart:7269:36)
#152    MultiChildRenderObjectElement.mount (package:flutter/src/widgets/framework.dart:7285:32)
...     Normal element mounting (25 frames)
#177    Element.inflateWidget (package:flutter/src/widgets/framework.dart:4590:20)
#178    MultiChildRenderObjectElement.inflateWidget (package:flutter/src/widgets/framework.dart:7269:36)
#179    MultiChildRenderObjectElement.mount (package:flutter/src/widgets/framework.dart:7285:32)
...     Normal element mounting (372 frames)
#551    Element.inflateWidget (package:flutter/src/widgets/framework.dart:4590:20)
#552    MultiChildRenderObjectElement.inflateWidget (package:flutter/src/widgets/framework.dart:7269:36)
#553    MultiChildRenderObjectElement.mount (package:flutter/src/widgets/framework.dart:7285:32)
...     Normal element mounting (465 frames)
#1018   Element.inflateWidget (package:flutter/src/widgets/framework.dart:4590:20)
#1019   Element.updateChild (package:flutter/src/widgets/framework.dart:4053:20)
#1020   ComponentElement.performRebuild (package:flutter/src/widgets/framework.dart:5844:16)
#1021   Element.rebuild (package:flutter/src/widgets/framework.dart:5532:7)
#1022   ProxyElement.update (package:flutter/src/widgets/framework.dart:6152:5)
#1023   _InheritedNotifierElement.update (package:flutter/src/widgets/inherited_notifier.dart:108:11)
#1024   Element.updateChild (package:flutter/src/widgets/framework.dart:4037:15)
#1025   ComponentElement.performRebuild (package:flutter/src/widgets/framework.dart:5844:16)
#1026   StatefulElement.performRebuild (package:flutter/src/widgets/framework.dart:5985:11)
#1027   Element.rebuild (package:flutter/src/widgets/framework.dart:5532:7)
#1028   StatefulElement.update (package:flutter/src/widgets/framework.dart:6010:5)
#1029   Element.updateChild (package:flutter/src/widgets/framework.dart:4037:15)
#1030   ComponentElement.performRebuild (package:flutter/src/widgets/framework.dart:5844:16)
#1031   Element.rebuild (package:flutter/src/widgets/framework.dart:5532:7)
#1032   ProxyElement.update (package:flutter/src/widgets/framework.dart:6152:5)
#1033   _InheritedNotifierElement.update (package:flutter/src/widgets/inherited_notifier.dart:108:11)
#1034   Element.updateChild (package:flutter/src/widgets/framework.dart:4037:15)
#1035   ComponentElement.performRebuild (package:flutter/src/widgets/framework.dart:5844:16)
#1036   StatefulElement.performRebuild (package:flutter/src/widgets/framework.dart:5985:11)
#1037   Element.rebuild (package:flutter/src/widgets/framework.dart:5532:7)
#1038   StatefulElement.update (package:flutter/src/widgets/framework.dart:6010:5)
#1039   Element.updateChild (package:flutter/src/widgets/framework.dart:4037:15)
#1040   ComponentElement.performRebuild (package:flutter/src/widgets/framework.dart:5844:16)
#1041   StatefulElement.performRebuild (package:flutter/src/widgets/framework.dart:5985:11)
#1042   Element.rebuild (package:flutter/src/widgets/framework.dart:5532:7)
#1043   StatefulElement.update (package:flutter/src/widgets/framework.dart:6010:5)
#1044   Element.updateChild (package:flutter/src/widgets/framework.dart:4037:15)
#1045   ComponentElement.performRebuild (package:flutter/src/widgets/framework.dart:5844:16)
#1046   Element.rebuild (package:flutter/src/widgets/framework.dart:5532:7)
#1047   ProxyElement.update (package:flutter/src/widgets/framework.dart:6152:5)
#1048   Element.updateChild (package:flutter/src/widgets/framework.dart:4037:15)
#1049   ComponentElement.performRebuild (package:flutter/src/widgets/framework.dart:5844:16)
#1050   StatefulElement.performRebuild (package:flutter/src/widgets/framework.dart:5985:11)
#1051   Element.rebuild (package:flutter/src/widgets/framework.dart:5532:7)
#1052   StatefulElement.update (package:flutter/src/widgets/framework.dart:6010:5)
#1053   Element.updateChild (package:flutter/src/widgets/framework.dart:4037:15)
#1054   ComponentElement.performRebuild (package:flutter/src/widgets/framework.dart:5844:16)
#1055   Element.rebuild (package:flutter/src/widgets/framework.dart:5532:7)
#1056   ProxyElement.update (package:flutter/src/widgets/framework.dart:6152:5)
#1057   Element.updateChild (package:flutter/src/widgets/framework.dart:4037:15)
#1058   ComponentElement.performRebuild (package:flutter/src/widgets/framework.dart:5844:16)
#1059   Element.rebuild (package:flutter/src/widgets/framework.dart:5532:7)
#1060   ProxyElement.update (package:flutter/src/widgets/framework.dart:6152:5)
#1061   Element.updateChild (package:flutter/src/widgets/framework.dart:4037:15)
#1062   _RawViewElement._updateChild (package:flutter/src/widgets/view.dart:481:16)
#1063   _RawViewElement.update (package:flutter/src/widgets/view.dart:568:5)
#1064   Element.updateChild (package:flutter/src/widgets/framework.dart:4037:15)
#1065   ComponentElement.performRebuild (package:flutter/src/widgets/framework.dart:5844:16)
#1066   Element.rebuild (package:flutter/src/widgets/framework.dart:5532:7)
#1067   StatelessElement.update (package:flutter/src/widgets/framework.dart:5898:5)
#1068   Element.updateChild (package:flutter/src/widgets/framework.dart:4037:15)
#1069   ComponentElement.performRebuild (package:flutter/src/widgets/framework.dart:5844:16)
#1070   StatefulElement.performRebuild (package:flutter/src/widgets/framework.dart:5985:11)
#1071   Element.rebuild (package:flutter/src/widgets/framework.dart:5532:7)
#1072   StatefulElement.update (package:flutter/src/widgets/framework.dart:6010:5)
#1073   Element.updateChild (package:flutter/src/widgets/framework.dart:4037:15)
#1074   RootElement._rebuild (package:flutter/src/widgets/binding.dart:1782:16)
#1075   RootElement.update (package:flutter/src/widgets/binding.dart:1760:5)
#1076   RootElement.performRebuild (package:flutter/src/widgets/binding.dart:1774:7)
#1077   Element.rebuild (package:flutter/src/widgets/framework.dart:5532:7)
#1078   BuildScope._tryRebuild (package:flutter/src/widgets/framework.dart:2750:15)
#1079   BuildScope._flushDirtyElements (package:flutter/src/widgets/framework.dart:2807:11)
#1080   BuildOwner.buildScope (package:flutter/src/widgets/framework.dart:3111:18)
#1081   AutomatedTestWidgetsFlutterBinding.drawFrame (package:flutter_test/src/binding.dart:1506:19)
#1082   RendererBinding._handlePersistentFrameCallback (package:flutter/src/rendering/binding.dart:495:5)
#1083   SchedulerBinding._invokeFrameCallback (package:flutter/src/scheduler/binding.dart:1434:15)
#1084   SchedulerBinding.handleDrawFrame (package:flutter/src/scheduler/binding.dart:1347:9)
#1085   AutomatedTestWidgetsFlutterBinding.pump.<anonymous closure> (package:flutter_test/src/binding.dart:1335:9)
#1088   TestAsyncUtils.guard (package:flutter_test/src/test_async_utils.dart:74:41)
#1089   AutomatedTestWidgetsFlutterBinding.pump (package:flutter_test/src/binding.dart:1324:27)
#1090   WidgetTester.pumpWidget.<anonymous closure> (package:flutter_test/src/widget_tester.dart:598:22)
#1093   TestAsyncUtils.guard (package:flutter_test/src/test_async_utils.dart:74:41)
#1094   WidgetTester.pumpWidget (package:flutter_test/src/widget_tester.dart:595:27)
#1095   main.<anonymous closure> (file:///C:/Users/User/Desktop/iread_test/test/widget/teacher_security_test.dart:10:18)
#1096   testWidgets.<anonymous closure>.<anonymous closure> (package:flutter_test/src/widget_tester.dart:192:29)
<asynchronous suspension>
#1097   TestWidgetsFlutterBinding._runTestBody (package:flutter_test/src/binding.dart:1059:5)
<asynchronous suspension>
<asynchronous suspension>
(elided 5 frames from dart:async and package:stack_trace)

ΓòÉΓòÉΓòÉΓòÉΓòÉΓòÉΓòÉΓòÉΓòÉΓòÉΓòÉΓòÉΓòÉΓòÉΓòÉΓòÉΓòÉΓòÉΓòÉΓòÉΓòÉΓòÉΓòÉΓòÉΓòÉΓòÉΓòÉΓòÉΓòÉΓòÉΓòÉΓòÉΓòÉΓòÉΓòÉΓòÉΓòÉΓòÉΓòÉΓòÉΓòÉΓòÉΓòÉΓòÉΓòÉΓòÉΓòÉΓòÉΓòÉΓòÉΓòÉΓòÉΓòÉΓòÉΓòÉΓòÉΓòÉΓòÉΓòÉΓòÉΓòÉΓòÉΓòÉΓòÉΓòÉΓòÉΓòÉΓòÉΓòÉΓòÉΓòÉΓòÉΓòÉΓòÉΓòÉΓòÉΓòÉΓòÉΓòÉΓòÉΓòÉΓòÉΓòÉΓòÉΓòÉΓòÉΓòÉΓòÉΓòÉΓòÉΓòÉΓòÉΓòÉΓòÉΓòÉΓòÉΓòÉΓòÉΓòÉΓòÉ
00:00 +0 -1: Teacher Login should accept default PIN 1234 [E]
  Test failed. See exception logs above.
  The test description was: Teacher Login should accept default PIN 1234
  
00:00 +0 -1: Teacher Login should reject incorrect PIN

Warning: A call to tap() with finder "Found 1 widget with type "CustomButton": [
  CustomButton,
]" derived an Offset (Offset(400.0, 50637.0)) that would not hit test on the specified widget.
Maybe the widget is actually off-screen, or another widget is obscuring it, or the widget cannot receive pointer events.
Indeed, Offset(400.0, 50637.0) is outside the bounds of the root of the render tree, Size(800.0, 600.0).
The finder corresponds to this RenderBox: RenderErrorBox#a7cc5
The hit test result at that offset is: HitTestResult(HitTestEntry<HitTestTarget>#5e907(_ReusableRenderView#70d25), HitTestEntry<HitTestTarget>#0bd76(<AutomatedTestWidgetsFlutterBinding>))
#0      WidgetController._getElementPoint (package:flutter_test/src/controller.dart:2081:25)
#1      WidgetController.getCenter (package:flutter_test/src/controller.dart:1865:12)
#2      WidgetController.tap (package:flutter_test/src/controller.dart:1045:7)
#3      main.<anonymous closure> (file:///C:/Users/User/Desktop/iread_test/test/widget/teacher_security_test.dart:37:18)
<asynchronous suspension>
#4      testWidgets.<anonymous closure>.<anonymous closure> (package:flutter_test/src/widget_tester.dart:192:15)
<asynchronous suspension>
#5      TestWidgetsFlutterBinding._runTestBody (package:flutter_test/src/binding.dart:1059:5)
<asynchronous suspension>
#6      StackZoneSpecification._registerCallback.<anonymous closure> (package:stack_trace/src/stack_zone_specification.dart:114:42)
<asynchronous suspension>
To silence this warning, pass "warnIfMissed: false" to "tap()".
To make this warning fatal, set WidgetController.hitTestWarningShouldBeFatal to true.

ΓòÉΓòÉΓòí EXCEPTION CAUGHT BY WIDGETS LIBRARY Γò₧ΓòÉΓòÉΓòÉΓòÉΓòÉΓòÉΓòÉΓòÉΓòÉΓòÉΓòÉΓòÉΓòÉΓòÉΓòÉΓòÉΓòÉΓòÉΓòÉΓòÉΓòÉΓòÉΓòÉΓòÉΓòÉΓòÉΓòÉΓòÉΓòÉΓòÉΓòÉΓòÉΓòÉΓòÉΓòÉΓòÉΓòÉΓòÉΓòÉΓòÉΓòÉΓòÉΓòÉΓòÉΓòÉΓòÉΓòÉΓòÉΓòÉΓòÉΓòÉΓòÉΓòÉΓòÉΓòÉΓòÉΓòÉΓòÉΓòÉ
The following LateError was thrown building CustomButton(dirty):
LateInitializationError: Field 'screenHeight' has not been initialized.

The relevant error-causing widget was:
  CustomButton
  CustomButton:file:///C:/Users/User/Desktop/iread_test/lib/presentation/screens/teacher_mode/teacher_login_screen.dart:211:33

When the exception was thrown, this was the stack:
#0      Responsive.screenHeight (package:iread/core/utils/responsive_utils.dart)
#1      Responsive.heightScale (package:iread/core/utils/responsive_utils.dart:33:36)
#2      Responsive.h (package:iread/core/utils/responsive_utils.dart:42:46)
#3      ResponsiveNum.h (package:iread/core/utils/responsive_utils.dart:62:30)
#4      CustomButton.build (package:iread/core/widgets/custom_button.dart:35:40)
#5      StatelessElement.build (package:flutter/src/widgets/framework.dart:5892:49)
#6      ComponentElement.performRebuild (package:flutter/src/widgets/framework.dart:5820:15)
#7      Element.rebuild (package:flutter/src/widgets/framework.dart:5532:7)
#8      ComponentElement._firstBuild (package:flutter/src/widgets/framework.dart:5802:5)
#9      ComponentElement.mount (package:flutter/src/widgets/framework.dart:5796:5)
#10     Element.inflateWidget (package:flutter/src/widgets/framework.dart:4590:20)
#11     MultiChildRenderObjectElement.inflateWidget (package:flutter/src/widgets/framework.dart:7269:36)
#12     MultiChildRenderObjectElement.mount (package:flutter/src/widgets/framework.dart:7285:32)
...     Normal element mounting (13 frames)
#25     Element.inflateWidget (package:flutter/src/widgets/framework.dart:4590:20)
#26     MultiChildRenderObjectElement.inflateWidget (package:flutter/src/widgets/framework.dart:7269:36)
#27     MultiChildRenderObjectElement.mount (package:flutter/src/widgets/framework.dart:7285:32)
...     Normal element mounting (105 frames)
#132    Element.inflateWidget (package:flutter/src/widgets/framework.dart:4590:20)
#133    MultiChildRenderObjectElement.inflateWidget (package:flutter/src/widgets/framework.dart:7269:36)
#134    MultiChildRenderObjectElement.mount (package:flutter/src/widgets/framework.dart:7285:32)
...     Normal element mounting (16 frames)
#150    Element.inflateWidget (package:flutter/src/widgets/framework.dart:4590:20)
#151    MultiChildRenderObjectElement.inflateWidget (package:flutter/src/widgets/framework.dart:7269:36)
#152    MultiChildRenderObjectElement.mount (package:flutter/src/widgets/framework.dart:7285:32)
...     Normal element mounting (25 frames)
#177    Element.inflateWidget (package:flutter/src/widgets/framework.dart:4590:20)
#178    MultiChildRenderObjectElement.inflateWidget (package:flutter/src/widgets/framework.dart:7269:36)
#179    MultiChildRenderObjectElement.mount (package:flutter/src/widgets/framework.dart:7285:32)
...     Normal element mounting (372 frames)
#551    Element.inflateWidget (package:flutter/src/widgets/framework.dart:4590:20)
#552    MultiChildRenderObjectElement.inflateWidget (package:flutter/src/widgets/framework.dart:7269:36)
#553    MultiChildRenderObjectElement.mount (package:flutter/src/widgets/framework.dart:7285:32)
...     Normal element mounting (465 frames)
#1018   Element.inflateWidget (package:flutter/src/widgets/framework.dart:4590:20)
#1019   Element.updateChild (package:flutter/src/widgets/framework.dart:4053:20)
#1020   ComponentElement.performRebuild (package:flutter/src/widgets/framework.dart:5844:16)
#1021   Element.rebuild (package:flutter/src/widgets/framework.dart:5532:7)
#1022   ProxyElement.update (package:flutter/src/widgets/framework.dart:6152:5)
#1023   _InheritedNotifierElement.update (package:flutter/src/widgets/inherited_notifier.dart:108:11)
#1024   Element.updateChild (package:flutter/src/widgets/framework.dart:4037:15)
#1025   ComponentElement.performRebuild (package:flutter/src/widgets/framework.dart:5844:16)
#1026   StatefulElement.performRebuild (package:flutter/src/widgets/framework.dart:5985:11)
#1027   Element.rebuild (package:flutter/src/widgets/framework.dart:5532:7)
#1028   StatefulElement.update (package:flutter/src/widgets/framework.dart:6010:5)
#1029   Element.updateChild (package:flutter/src/widgets/framework.dart:4037:15)
#1030   ComponentElement.performRebuild (package:flutter/src/widgets/framework.dart:5844:16)
#1031   Element.rebuild (package:flutter/src/widgets/framework.dart:5532:7)
#1032   ProxyElement.update (package:flutter/src/widgets/framework.dart:6152:5)
#1033   _InheritedNotifierElement.update (package:flutter/src/widgets/inherited_notifier.dart:108:11)
#1034   Element.updateChild (package:flutter/src/widgets/framework.dart:4037:15)
#1035   ComponentElement.performRebuild (package:flutter/src/widgets/framework.dart:5844:16)
#1036   StatefulElement.performRebuild (package:flutter/src/widgets/framework.dart:5985:11)
#1037   Element.rebuild (package:flutter/src/widgets/framework.dart:5532:7)
#1038   StatefulElement.update (package:flutter/src/widgets/framework.dart:6010:5)
#1039   Element.updateChild (package:flutter/src/widgets/framework.dart:4037:15)
#1040   ComponentElement.performRebuild (package:flutter/src/widgets/framework.dart:5844:16)
#1041   StatefulElement.performRebuild (package:flutter/src/widgets/framework.dart:5985:11)
#1042   Element.rebuild (package:flutter/src/widgets/framework.dart:5532:7)
#1043   StatefulElement.update (package:flutter/src/widgets/framework.dart:6010:5)
#1044   Element.updateChild (package:flutter/src/widgets/framework.dart:4037:15)
#1045   ComponentElement.performRebuild (package:flutter/src/widgets/framework.dart:5844:16)
#1046   Element.rebuild (package:flutter/src/widgets/framework.dart:5532:7)
#1047   ProxyElement.update (package:flutter/src/widgets/framework.dart:6152:5)
#1048   Element.updateChild (package:flutter/src/widgets/framework.dart:4037:15)
#1049   ComponentElement.performRebuild (package:flutter/src/widgets/framework.dart:5844:16)
#1050   StatefulElement.performRebuild (package:flutter/src/widgets/framework.dart:5985:11)
#1051   Element.rebuild (package:flutter/src/widgets/framework.dart:5532:7)
#1052   StatefulElement.update (package:flutter/src/widgets/framework.dart:6010:5)
#1053   Element.updateChild (package:flutter/src/widgets/framework.dart:4037:15)
#1054   ComponentElement.performRebuild (package:flutter/src/widgets/framework.dart:5844:16)
#1055   Element.rebuild (package:flutter/src/widgets/framework.dart:5532:7)
#1056   ProxyElement.update (package:flutter/src/widgets/framework.dart:6152:5)
#1057   Element.updateChild (package:flutter/src/widgets/framework.dart:4037:15)
#1058   ComponentElement.performRebuild (package:flutter/src/widgets/framework.dart:5844:16)
#1059   Element.rebuild (package:flutter/src/widgets/framework.dart:5532:7)
#1060   ProxyElement.update (package:flutter/src/widgets/framework.dart:6152:5)
#1061   Element.updateChild (package:flutter/src/widgets/framework.dart:4037:15)
#1062   _RawViewElement._updateChild (package:flutter/src/widgets/view.dart:481:16)
#1063   _RawViewElement.update (package:flutter/src/widgets/view.dart:568:5)
#1064   Element.updateChild (package:flutter/src/widgets/framework.dart:4037:15)
#1065   ComponentElement.performRebuild (package:flutter/src/widgets/framework.dart:5844:16)
#1066   Element.rebuild (package:flutter/src/widgets/framework.dart:5532:7)
#1067   StatelessElement.update (package:flutter/src/widgets/framework.dart:5898:5)
#1068   Element.updateChild (package:flutter/src/widgets/framework.dart:4037:15)
#1069   ComponentElement.performRebuild (package:flutter/src/widgets/framework.dart:5844:16)
#1070   StatefulElement.performRebuild (package:flutter/src/widgets/framework.dart:5985:11)
#1071   Element.rebuild (package:flutter/src/widgets/framework.dart:5532:7)
#1072   StatefulElement.update (package:flutter/src/widgets/framework.dart:6010:5)
#1073   Element.updateChild (package:flutter/src/widgets/framework.dart:4037:15)
#1074   RootElement._rebuild (package:flutter/src/widgets/binding.dart:1782:16)
#1075   RootElement.update (package:flutter/src/widgets/binding.dart:1760:5)
#1076   RootElement.performRebuild (package:flutter/src/widgets/binding.dart:1774:7)
#1077   Element.rebuild (package:flutter/src/widgets/framework.dart:5532:7)
#1078   BuildScope._tryRebuild (package:flutter/src/widgets/framework.dart:2750:15)
#1079   BuildScope._flushDirtyElements (package:flutter/src/widgets/framework.dart:2807:11)
#1080   BuildOwner.buildScope (package:flutter/src/widgets/framework.dart:3111:18)
#1081   AutomatedTestWidgetsFlutterBinding.drawFrame (package:flutter_test/src/binding.dart:1506:19)
#1082   RendererBinding._handlePersistentFrameCallback (package:flutter/src/rendering/binding.dart:495:5)
#1083   SchedulerBinding._invokeFrameCallback (package:flutter/src/scheduler/binding.dart:1434:15)
#1084   SchedulerBinding.handleDrawFrame (package:flutter/src/scheduler/binding.dart:1347:9)
#1085   AutomatedTestWidgetsFlutterBinding.pump.<anonymous closure> (package:flutter_test/src/binding.dart:1335:9)
#1088   TestAsyncUtils.guard (package:flutter_test/src/test_async_utils.dart:74:41)
#1089   AutomatedTestWidgetsFlutterBinding.pump (package:flutter_test/src/binding.dart:1324:27)
#1090   WidgetTester.pumpWidget.<anonymous closure> (package:flutter_test/src/widget_tester.dart:598:22)
#1093   TestAsyncUtils.guard (package:flutter_test/src/test_async_utils.dart:74:41)
#1094   WidgetTester.pumpWidget (package:flutter_test/src/widget_tester.dart:595:27)
#1095   main.<anonymous closure> (file:///C:/Users/User/Desktop/iread_test/test/widget/teacher_security_test.dart:30:18)
#1096   testWidgets.<anonymous closure>.<anonymous closure> (package:flutter_test/src/widget_tester.dart:192:29)
<asynchronous suspension>
#1097   TestWidgetsFlutterBinding._runTestBody (package:flutter_test/src/binding.dart:1059:5)
<asynchronous suspension>
<asynchronous suspension>
(elided 5 frames from dart:async and package:stack_trace)

ΓòÉΓòÉΓòÉΓòÉΓòÉΓòÉΓòÉΓòÉΓòÉΓòÉΓòÉΓòÉΓòÉΓòÉΓòÉΓòÉΓòÉΓòÉΓòÉΓòÉΓòÉΓòÉΓòÉΓòÉΓòÉΓòÉΓòÉΓòÉΓòÉΓòÉΓòÉΓòÉΓòÉΓòÉΓòÉΓòÉΓòÉΓòÉΓòÉΓòÉΓòÉΓòÉΓòÉΓòÉΓòÉΓòÉΓòÉΓòÉΓòÉΓòÉΓòÉΓòÉΓòÉΓòÉΓòÉΓòÉΓòÉΓòÉΓòÉΓòÉΓòÉΓòÉΓòÉΓòÉΓòÉΓòÉΓòÉΓòÉΓòÉΓòÉΓòÉΓòÉΓòÉΓòÉΓòÉΓòÉΓòÉΓòÉΓòÉΓòÉΓòÉΓòÉΓòÉΓòÉΓòÉΓòÉΓòÉΓòÉΓòÉΓòÉΓòÉΓòÉΓòÉΓòÉΓòÉΓòÉΓòÉΓòÉΓòÉΓòÉ
ΓòÉΓòÉΓòí EXCEPTION CAUGHT BY FLUTTER TEST FRAMEWORK Γò₧ΓòÉΓòÉΓòÉΓòÉΓòÉΓòÉΓòÉΓòÉΓòÉΓòÉΓòÉΓòÉΓòÉΓòÉΓòÉΓòÉΓòÉΓòÉΓòÉΓòÉΓòÉΓòÉΓòÉΓòÉΓòÉΓòÉΓòÉΓòÉΓòÉΓòÉΓòÉΓòÉΓòÉΓòÉΓòÉΓòÉΓòÉΓòÉΓòÉΓòÉΓòÉΓòÉΓòÉΓòÉΓòÉΓòÉΓòÉΓòÉΓòÉΓòÉΓòÉΓòÉ
The following TestFailure was thrown running a test:
Expected: exactly one matching candidate
  Actual: _TextWidgetFinder:<Found 0 widgets with text "Incorrect PIN. Please try again.": []>
   Which: means none were found but one was expected

When the exception was thrown, this was the stack:
#4      main.<anonymous closure> (file:///C:/Users/User/Desktop/iread_test/test/widget/teacher_security_test.dart:41:5)
<asynchronous suspension>
#5      testWidgets.<anonymous closure>.<anonymous closure> (package:flutter_test/src/widget_tester.dart:192:15)
<asynchronous suspension>
#6      TestWidgetsFlutterBinding._runTestBody (package:flutter_test/src/binding.dart:1059:5)
<asynchronous suspension>
<asynchronous suspension>
(elided one frame from package:stack_trace)

This was caught by the test expectation on the following line:
  file:///C:/Users/User/Desktop/iread_test/test/widget/teacher_security_test.dart line 41
The test description was:
  Teacher Login should reject incorrect PIN
ΓòÉΓòÉΓòÉΓòÉΓòÉΓòÉΓòÉΓòÉΓòÉΓòÉΓòÉΓòÉΓòÉΓòÉΓòÉΓòÉΓòÉΓòÉΓòÉΓòÉΓòÉΓòÉΓòÉΓòÉΓòÉΓòÉΓòÉΓòÉΓòÉΓòÉΓòÉΓòÉΓòÉΓòÉΓòÉΓòÉΓòÉΓòÉΓòÉΓòÉΓòÉΓòÉΓòÉΓòÉΓòÉΓòÉΓòÉΓòÉΓòÉΓòÉΓòÉΓòÉΓòÉΓòÉΓòÉΓòÉΓòÉΓòÉΓòÉΓòÉΓòÉΓòÉΓòÉΓòÉΓòÉΓòÉΓòÉΓòÉΓòÉΓòÉΓòÉΓòÉΓòÉΓòÉΓòÉΓòÉΓòÉΓòÉΓòÉΓòÉΓòÉΓòÉΓòÉΓòÉΓòÉΓòÉΓòÉΓòÉΓòÉΓòÉΓòÉΓòÉΓòÉΓòÉΓòÉΓòÉΓòÉΓòÉΓòÉΓòÉ
ΓòÉΓòÉΓòí EXCEPTION CAUGHT BY FLUTTER TEST FRAMEWORK Γò₧ΓòÉΓòÉΓòÉΓòÉΓòÉΓòÉΓòÉΓòÉΓòÉΓòÉΓòÉΓòÉΓòÉΓòÉΓòÉΓòÉΓòÉΓòÉΓòÉΓòÉΓòÉΓòÉΓòÉΓòÉΓòÉΓòÉΓòÉΓòÉΓòÉΓòÉΓòÉΓòÉΓòÉΓòÉΓòÉΓòÉΓòÉΓòÉΓòÉΓòÉΓòÉΓòÉΓòÉΓòÉΓòÉΓòÉΓòÉΓòÉΓòÉΓòÉΓòÉΓòÉ
The following message was thrown:
Multiple exceptions (2) were detected during the running of the current test, and at least one was
unexpected.
ΓòÉΓòÉΓòÉΓòÉΓòÉΓòÉΓòÉΓòÉΓòÉΓòÉΓòÉΓòÉΓòÉΓòÉΓòÉΓòÉΓòÉΓòÉΓòÉΓòÉΓòÉΓòÉΓòÉΓòÉΓòÉΓòÉΓòÉΓòÉΓòÉΓòÉΓòÉΓòÉΓòÉΓòÉΓòÉΓòÉΓòÉΓòÉΓòÉΓòÉΓòÉΓòÉΓòÉΓòÉΓòÉΓòÉΓòÉΓòÉΓòÉΓòÉΓòÉΓòÉΓòÉΓòÉΓòÉΓòÉΓòÉΓòÉΓòÉΓòÉΓòÉΓòÉΓòÉΓòÉΓòÉΓòÉΓòÉΓòÉΓòÉΓòÉΓòÉΓòÉΓòÉΓòÉΓòÉΓòÉΓòÉΓòÉΓòÉΓòÉΓòÉΓòÉΓòÉΓòÉΓòÉΓòÉΓòÉΓòÉΓòÉΓòÉΓòÉΓòÉΓòÉΓòÉΓòÉΓòÉΓòÉΓòÉΓòÉΓòÉ
00:01 +0 -2: Teacher Login should reject incorrect PIN [E]
  Test failed. See exception logs above.
  The test description was: Teacher Login should reject incorrect PIN
  
00:01 +0 -2: Some tests failed.
